{
  "excluded": {
    "inclusionStatus": "INC_PLANNED",
    "modal": {
      "id": "excludeReason",
      "bodyName": "excludeReasonForm"
    },
    "remainCalls": [],
    "dirty": null,
    "apiPostLog": []
  },
  "unplanned": {
    "inclusionStatus": "INC_UNPLANNED",
    "remainCalls": [
      "analysis"
    ],
    "dirty": {
      "roleItems": true
    },
    "apiPostLog": [
      {
        "path": "sprint-data",
        "keys": [
          "roleItems"
        ]
      }
    ]
  }
}
