{
  "base": [
    [
      "Название спринта",
      "GM Hist May 2026"
    ],
    [
      "Роль",
      "Анализ"
    ],
    [
      "Период",
      "19.04.2026 — 16.05.2026"
    ],
    [
      "Статус",
      "Закрыт"
    ],
    [
      "Колонка «Δ» помечает отличающиеся строки между листами (assignee, даты, оценка, аллокация, inclusion)."
    ],
    [],
    [
      "Δ",
      "№ задачи",
      "Название",
      "Статус включения",
      "Оценка",
      "Факт",
      "Ресурс",
      "Аллокация",
      "Ответственный по задаче",
      "Старт",
      "Финиш"
    ],
    [
      "Δ alloc",
      "GM-H1",
      "Историческая задача анализа",
      "Включена планово",
      10,
      10,
      0,
      10,
      "",
      "",
      ""
    ],
    [
      "",
      "GM-H2",
      "Историческая задача без alloc",
      "Включена планово",
      15,
      5,
      10,
      10,
      "",
      "",
      ""
    ],
    [
      "Δ missing",
      "GM-H9",
      "Добавленная в рабочей копии",
      "",
      "",
      "",
      "",
      "",
      "",
      "",
      ""
    ]
  ],
  "working": [
    [
      "Название спринта",
      "GM Hist May 2026"
    ],
    [
      "Роль",
      "Анализ"
    ],
    [
      "Период",
      "19.04.2026 — 16.05.2026"
    ],
    [
      "Статус",
      "Закрыт"
    ],
    [
      "Колонка «Δ» помечает отличающиеся строки между листами (assignee, даты, оценка, аллокация, inclusion)."
    ],
    [],
    [
      "Δ",
      "№ задачи",
      "Название",
      "Статус включения",
      "Оценка",
      "Факт",
      "Ресурс",
      "Аллокация",
      "Ответственный по задаче",
      "Старт",
      "Финиш"
    ],
    [
      "Δ alloc",
      "GM-H1",
      "Историческая задача анализа",
      "Включена планово",
      10,
      10,
      0,
      12,
      "",
      "",
      ""
    ],
    [
      "",
      "GM-H2",
      "Историческая задача без alloc",
      "Включена планово",
      15,
      5,
      10,
      10,
      "",
      "",
      ""
    ],
    [
      "Δ item",
      "GM-H9",
      "Добавленная в рабочей копии",
      "Включена планово",
      5,
      0,
      5,
      5,
      "",
      "",
      ""
    ]
  ]
}
