{
  "fetched": [
    {
      "path": "groups",
      "fields": "id,name,allUsersGroup"
    }
  ],
  "projectGroups": [
    {
      "id": "g-1",
      "name": "sprint-managers",
      "allUsersGroup": false
    },
    {
      "id": "g-2",
      "name": "g-2",
      "allUsersGroup": false
    },
    {
      "id": "g-3",
      "name": "trimmed",
      "allUsersGroup": false
    }
  ]
}
