{
  "sheets": [
    [
      [
        "Название спринта",
        "GM Hist May 2026"
      ],
      [
        "Роль",
        "Анализ"
      ],
      [
        "Период",
        "19.04.2026 — 16.05.2026"
      ],
      [
        "Статус",
        "Закрыт"
      ],
      [
        "Подтверждён",
        "gm_user_validator · 19.04.2026, 00:00"
      ],
      [
        "Количество задач",
        2
      ],
      [],
      [
        "Ресурс Анализ",
        "30ч",
        "Остаток",
        "5ч"
      ],
      [],
      [
        "№ задачи",
        "Название",
        "Система",
        "Приоритет",
        "Сквозной приоритет",
        "Состояние",
        "Статус включения",
        "Оценка Анализ (ч)",
        "Факт Анализ (ч)",
        "Ресурс Анализ (ч)",
        "Аллокация Анализ (ч)",
        "Ссылка"
      ],
      [
        "GM-H1",
        "Историческая задача анализа",
        "",
        "Значительный",
        "",
        "Исправлена",
        "Включена планово",
        10,
        10,
        0,
        10,
        ""
      ],
      [
        "GM-H2",
        "Историческая задача без alloc",
        "",
        "Обычная",
        "",
        "Исправлена",
        "Включена планово",
        15,
        5,
        10,
        10,
        ""
      ],
      [
        "",
        "ИТОГО:",
        "",
        "",
        "",
        "",
        "",
        25,
        15,
        10,
        20,
        ""
      ]
    ]
  ],
  "appended": [
    {
      "sheet": 0,
      "name": "Спринт"
    }
  ],
  "files": [
    "GM Hist May 2026_Анализ_19-04-2026.xlsx"
  ]
}
