{
  "header": [
    "№ задачи",
    "Название",
    "Система",
    "Приоритет",
    "Сквозной приоритет",
    "Состояние",
    "Статус включения",
    "Причина исключения",
    "Оценка Анализ (ч)",
    "Факт Анализ (ч)",
    "Ресурс Анализ (ч)",
    "Аллокация Анализ (ч)",
    "Ссылка"
  ],
  "exRow": [
    "GM-EX",
    "Исключённая с причиной",
    "",
    "",
    "",
    "",
    "Исключена из спринта",
    "Не готова зависимость",
    5,
    0,
    5,
    5,
    ""
  ],
  "total": [
    "",
    "ИТОГО:",
    "",
    "",
    "",
    "",
    "",
    "",
    25,
    15,
    10,
    20,
    ""
  ]
}
