{
  "renderedIssues": [
    "GM-40"
  ],
  "firstRow": {
    "issueId": "GM-40",
    "title": "Гант GM-40",
    "url": "http://localhost:8080/issue/GM-40",
    "assignee": "Не назначен",
    "bg": "#d7e9f7",
    "startDay": 0,
    "endDay": 25,
    "startTs": 1779408000000,
    "endTs": 1781568000000,
    "badge": {
      "label": "Готово",
      "pillBg": "#d7e9f7",
      "pillFg": "#1f6feb",
      "hist": false,
      "loadingText": "загрузка истории…"
    }
  },
  "fetchCalls": 0
}
