{
  "taskColHeader": "Задача / Исполнитель",
  "days": [
    {
      "label": "22.05",
      "weekend": false
    },
    {
      "label": "23.05",
      "weekend": true
    },
    {
      "label": "24.05",
      "weekend": true
    },
    {
      "label": "25.05",
      "weekend": false
    },
    {
      "label": "26.05",
      "weekend": false
    },
    {
      "label": "27.05",
      "weekend": false
    },
    {
      "label": "28.05",
      "weekend": false
    },
    {
      "label": "29.05",
      "weekend": false
    },
    {
      "label": "30.05",
      "weekend": true
    },
    {
      "label": "31.05",
      "weekend": true
    },
    {
      "label": "1.06",
      "weekend": false
    },
    {
      "label": "2.06",
      "weekend": false
    },
    {
      "label": "3.06",
      "weekend": false
    },
    {
      "label": "4.06",
      "weekend": false
    },
    {
      "label": "5.06",
      "weekend": false
    },
    {
      "label": "6.06",
      "weekend": true
    },
    {
      "label": "7.06",
      "weekend": true
    },
    {
      "label": "8.06",
      "weekend": false
    },
    {
      "label": "9.06",
      "weekend": false
    },
    {
      "label": "10.06",
      "weekend": false
    },
    {
      "label": "11.06",
      "weekend": false
    },
    {
      "label": "12.06",
      "weekend": false
    },
    {
      "label": "13.06",
      "weekend": true
    },
    {
      "label": "14.06",
      "weekend": true
    },
    {
      "label": "15.06",
      "weekend": false
    },
    {
      "label": "16.06",
      "weekend": false
    }
  ],
  "rows": [
    {
      "issueId": "GM-10",
      "title": "Бэкенд расчёта ёмкости",
      "url": "",
      "assignee": "gm_user_1",
      "bg": "#9aa3ad",
      "startDay": 0,
      "endDay": 25,
      "startTs": 1779408000000,
      "endTs": 1781568000000,
      "badge": {
        "label": "In Progress",
        "pillBg": "var(--ring-tag-background-color, #c8c8c8)",
        "pillFg": "#1a1a1a",
        "hist": true,
        "loadingText": "загрузка истории…"
      },
      "deps": [],
      "depTypes": {},
      "extDeps": []
    },
    {
      "issueId": "GM-11",
      "title": "Эндпоинт истории спринтов",
      "url": "",
      "assignee": "gm_user_2",
      "bg": "#9aa3ad",
      "startDay": 0,
      "endDay": 25,
      "startTs": 1779408000000,
      "endTs": 1781568000000,
      "badge": {
        "label": "Open",
        "pillBg": "var(--ring-tag-background-color, #c8c8c8)",
        "pillFg": "#1a1a1a",
        "hist": true,
        "loadingText": "загрузка истории…"
      },
      "deps": [],
      "depTypes": {},
      "extDeps": []
    }
  ],
  "editable": false,
  "lang": "ru",
  "zoomLabels": {
    "day": "День",
    "week": "Неделя",
    "month": "Месяц"
  },
  "linkColors": {},
  "linkLegend": {
    "types": [],
    "external": false
  },
  "linksReady": false,
  "i18nExt": {
    "badge": "Ждёт задачи вне спринта",
    "unknown": "состояние неизвестно",
    "legend": "Связи:",
    "legendExt": "вне спринта"
  }
}
