{
  "log": [
    {
      "renderPlanningLevel": "roles"
    },
    {
      "introExtras": true
    },
    {
      "afterSwitch": "gm-x",
      "uiDraft": "gm-x"
    },
    {
      "modalShown": true
    },
    {
      "afterModalPending": "gm-x",
      "selRolledBack": "gm-x"
    },
    {
      "afterDecline": "gm-x",
      "activeWcKey": "gm-x_analysis"
    },
    {
      "modalShown": true
    },
    {
      "renderPlanningLevel": "roles"
    },
    {
      "introExtras": true
    },
    {
      "afterConfirm": "gm-sprint-2026-06",
      "activeWcKey": null
    }
  ]
}
