{
  "preview": {
    "skip": {
      "apply": 2,
      "replaced": 0,
      "skipped": 1
    },
    "overwrite": {
      "apply": 3,
      "replaced": 1,
      "skipped": 0
    }
  },
  "cancel": {
    "result": "null"
  },
  "replace": {
    "result": {
      "action": "replace"
    },
    "pendingRecordCount": 3,
    "modalsOpened": 2,
    "secondModalId": "importReplaceHist"
  },
  "merge": {
    "result": {
      "action": "merge"
    },
    "submitCalls": [
      {
        "sel": [
          "ext1"
        ],
        "mode": "overwrite",
        "fileRecordCount": 3
      }
    ]
  }
}
