{
  "downloads": [
    {
      "name": "ssp-sprint-GM Hist May 2026_2026-04-19.json",
      "format": "ssp-sprint-history",
      "records": [
        "gm-hist-2026-05_analysis",
        "gm-hist-2026-05_testing"
      ]
    }
  ],
  "toasts": [
    {
      "msg": "История экспортирована",
      "type": "success"
    }
  ]
}
