{
  "spec": {
    "id": "reminders",
    "type": "informational",
    "title": "Напоминания (3) · проект GM Clone",
    "dialogClass": "ssp-ring-modal--wide",
    "body": {
      "kind": "component",
      "name": "remindersBody",
      "props": {
        "vm": {
          "count": 3,
          "sections": [
            {
              "module": "sprints",
              "title": "Спринты (1)",
              "items": [
                {
                  "id": "sprints:sp-1_devBack",
                  "module": "sprints",
                  "kind": "sprintRoleOpen",
                  "entityId": "sp-1_devBack",
                  "pre": "Спринт «Спринт 1» закончился ",
                  "days": "3 дн. назад",
                  "post": ", роль «Бэкенд» не завершена.",
                  "ref": {
                    "sprintId": "sp-1",
                    "roleKey": "devBack"
                  }
                }
              ]
            },
            {
              "module": "capacity",
              "title": "Ёмкость (1)",
              "items": [
                {
                  "id": "capacity:sp-cur",
                  "module": "capacity",
                  "kind": "capacityBefore",
                  "entityId": "sp-cur",
                  "pre": "Старт спринта «Текущий» ",
                  "days": "через 2 дн.",
                  "post": ", ёмкость не утверждена.",
                  "ref": {
                    "sprintId": "sp-cur"
                  }
                }
              ]
            },
            {
              "module": "releases",
              "title": "Релизы (1)",
              "items": [
                {
                  "id": "releases:rel-1",
                  "module": "releases",
                  "kind": "releaseOverdue",
                  "entityId": "rel-1",
                  "pre": "Плановая дата релиза «R 2026.09» ",
                  "days": "сегодня",
                  "post": ", статус «В работе».",
                  "ref": {
                    "releaseId": "rel-1"
                  }
                }
              ]
            }
          ]
        },
        "title": "Напоминания (3) · проект GM Clone",
        "onGo": "<fn>",
        "goText": "Перейти",
        "emptyText": "Активных напоминаний нет",
        "withJournal": false,
        "journal": null,
        "texts": {
          "tabActive": "Активные (3)",
          "tabJournal": "Журнал",
          "fired": "Сработало",
          "module": "Модуль",
          "entity": "Сущность",
          "resolved": "Погасло",
          "del": "Удалить запись из журнала",
          "cap": "Последние 50 записей проекта. Удаление убирает строку из журнала; активное напоминание при этом не гаснет и появится снова при следующем открытии.",
          "empty": "Журнал пуст",
          "loadError": "Не удалось загрузить журнал"
        }
      }
    },
    "buttons": [
      {
        "id": "close",
        "text": "Закрыть",
        "variant": "secondary",
        "onClick": "<fn>"
      }
    ],
    "dismissOnBackdrop": true,
    "blockEscape": false,
    "showCloseButton": true,
    "onClose": "<fn>"
  },
  "behavior": {
    "stampAfterClose": {
      "GM": 1788912000000
    },
    "nav": [
      {
        "node": "history"
      },
      {
        "focus": "hist:sp-1_devBack"
      },
      {
        "sprint": "sp-cur",
        "confirmed": true
      },
      {
        "node": "capacity"
      },
      {
        "node": "release-planned"
      },
      {
        "focus": "release:rel-1"
      }
    ]
  },
  "sync": {
    "body": {
      "action": "sync"
    },
    "loads": 7
  },
  "journal": {
    "calls": [
      [
        "GET",
        "reminders-journal"
      ],
      [
        "POST",
        "reminders-journal",
        {
          "action": "delete",
          "id": "capacity:sp-0:1788134400000"
        }
      ],
      [
        "POST",
        "reminders-journal",
        {
          "action": "delete",
          "id": "deny"
        }
      ],
      [
        "POST",
        "reminders-journal",
        {
          "action": "delete",
          "id": "boom"
        }
      ]
    ],
    "loaded": {
      "rows": [
        {
          "id": "sprints:sp-1_devBack:1788652800000",
          "fired": "06.09.2026",
          "module": "Спринты",
          "entity": "«Спринт 1» · Бэкенд",
          "active": true,
          "resolved": "активно · 3 дн."
        },
        {
          "id": "capacity:sp-0:1788134400000",
          "fired": "31.08.2026",
          "module": "Ёмкость",
          "entity": "«Нулевой»",
          "active": false,
          "resolved": "02.09.2026 · ёмкость утверждена (pm1)"
        }
      ]
    },
    "removed": {
      "rows": [
        {
          "id": "sprints:sp-1_devBack:1788652800000",
          "fired": "06.09.2026",
          "module": "Спринты",
          "entity": "«Спринт 1» · Бэкенд",
          "active": true,
          "resolved": "активно · 3 дн."
        }
      ]
    },
    "denied": "rejected: not_addressee [cid-1]",
    "failed": "rejected: journal_record_not_found [cid-2]",
    "toasts": [
      [
        "Удалять записи могут только адресаты напоминания",
        "err"
      ],
      [
        "Не удалось удалить запись",
        "err"
      ]
    ]
  }
}
