{
  "afterDowngrade": {
    "roleStatus": "PLANNING",
    "historyStatus": "PLANNING",
    "globalStatusUntouched": "ALLOCATED",
    "badges": [
      "testing"
    ],
    "renderHeader": 1,
    "apiPost": [
      "history"
    ],
    "closes": 1,
    "toasts": [
      {
        "msg": "Статус спринта понижен из-за перелимита. Устраните и валидируйте заново.",
        "type": "warn"
      }
    ]
  },
  "afterCancel": {
    "roleStatus": "ALLOCATED",
    "closes": 2,
    "toastCount": 1
  },
  "buttonContract": [
    {
      "id": "overlimit",
      "type": "confirm",
      "buttonIds": [
        "downgrade:danger",
        "cancel:primary"
      ],
      "dismissOnBackdrop": false,
      "blockEscape": false,
      "showCloseButton": false
    },
    {
      "id": "overlimit",
      "type": "confirm",
      "buttonIds": [
        "downgrade:danger",
        "cancel:primary"
      ],
      "dismissOnBackdrop": false,
      "blockEscape": false,
      "showCloseButton": false
    }
  ]
}
