{
  "sortKey": "off",
  "stickyHeader": true,
  "emptyText": "Нет активных задач",
  "itemKeys": [
    "GM-H10",
    "GM-H11"
  ],
  "columns": [
    {
      "id": "id",
      "title": "ID",
      "sortable": true,
      "className": "td-id",
      "rightAlign": false,
      "header": null,
      "cells": [
        {
          "html": "<a href=\"#\" target=\"_blank\" class=\"link\">GM-H10</a>"
        },
        {
          "html": "<a href=\"#\" target=\"_blank\" class=\"link\">GM-H11</a>"
        }
      ]
    },
    {
      "id": "title",
      "title": "Название",
      "sortable": false,
      "className": "td-title ssp-col-title",
      "rightAlign": false,
      "header": null,
      "cells": [
        {
          "html": "Историческая задача devBack"
        },
        {
          "html": "Историческая без alloc"
        }
      ]
    },
    {
      "id": "state",
      "title": "Состояние",
      "sortable": false,
      "className": "td-state",
      "rightAlign": false,
      "header": null,
      "cells": [
        "Исправлена",
        "Исправлена"
      ]
    },
    {
      "id": "priority",
      "title": "Приоритет",
      "sortable": true,
      "className": "td-priority",
      "rightAlign": false,
      "header": null,
      "cells": [
        "Значительный",
        "Обычная"
      ]
    },
    {
      "id": "allocH",
      "title": "Аллокация (ч)",
      "sortable": false,
      "className": "td-num",
      "rightAlign": false,
      "header": null,
      "cells": [
        "8.00",
        "10.00"
      ]
    },
    {
      "id": "assignee",
      "title": "Исполнитель",
      "sortable": true,
      "className": null,
      "rightAlign": false,
      "header": null,
      "cells": [
        {
          "html": "<select class=\"currentRole-task-assignee assigner-btn\" data-issue=\"GM-H10\" style=\"width:100%;font-size:12px\"><option value=\"\">— не назначено —</option><option value=\"gm_user_1\" selected>gm_user_1</option><option value=\"gm_user_2\">gm_user_2</option></select>"
        },
        {
          "html": "<select class=\"currentRole-task-assignee assigner-btn\" data-issue=\"GM-H11\" style=\"width:100%;font-size:12px\"><option value=\"\">— не назначено —</option><option value=\"gm_user_1\">gm_user_1</option><option value=\"gm_user_2\">gm_user_2</option></select>"
        }
      ]
    },
    {
      "id": "dateStart",
      "title": "Старт",
      "sortable": false,
      "className": "td-date td-start",
      "rightAlign": false,
      "header": null,
      "cells": [
        {
          "__type": "datepicker",
          "issue": "GM-H10",
          "className": "currentRole-task-date currentRole-task-start",
          "dateValue": "2026-05-22",
          "min": "2026-05-22",
          "max": "2026-06-16"
        },
        {
          "__type": "datepicker",
          "issue": "GM-H11",
          "className": "currentRole-task-date currentRole-task-start",
          "dateValue": "2026-05-22",
          "min": "2026-05-22",
          "max": "2026-06-16"
        }
      ]
    },
    {
      "id": "dateEnd",
      "title": "Финиш",
      "sortable": false,
      "className": "td-date td-end",
      "rightAlign": false,
      "header": null,
      "cells": [
        {
          "__type": "datepicker",
          "issue": "GM-H10",
          "className": "currentRole-task-date currentRole-task-end",
          "dateValue": "2026-06-16",
          "min": "2026-05-22",
          "max": "2026-06-16"
        },
        {
          "__type": "datepicker",
          "issue": "GM-H11",
          "className": "currentRole-task-date currentRole-task-end",
          "dateValue": "2026-06-16",
          "min": "2026-05-22",
          "max": "2026-06-16"
        }
      ]
    }
  ]
}
