{
  "taskAssignments": {
    "GM-10": {
      "assignee": "gm_user_1",
      "dateStart": 1779667200000
    },
    "GM-11": {
      "assignee": "gm_user_1",
      "assigneeName": "gm_user_1"
    }
  },
  "updateIssueFieldCalls": [
    {
      "path": "update-issue-field",
      "body": {
        "issueId": "GM-11",
        "fieldName": "Backend Dev",
        "value": "gm_user_1",
        "type": "user"
      }
    }
  ],
  "apiPostPaths": [
    "history",
    "sprint-data",
    "update-issue-field",
    "history",
    "sprint-data"
  ],
  "dateOutline": null
}
