{
  "full": {
    "ids": [
      "GM-5",
      "GM-6",
      "GM-7",
      "GM-8",
      "GM-9",
      "GM-10",
      "GM-11",
      "GM-12",
      "GM-13"
    ],
    "capped": false,
    "fetches": 2
  },
  "cappedRun": {
    "ids": [
      "GM-5",
      "GM-6",
      "GM-7",
      "GM-8",
      "GM-9",
      "GM-10"
    ],
    "capped": true,
    "fetches": 1
  },
  "toasts": [
    {
      "msg": "Подгружаем все страницы…",
      "type": "info"
    },
    {
      "msg": "Выбрано задач: 9",
      "type": "success"
    },
    {
      "msg": "Подгружаем все страницы…",
      "type": "info"
    },
    {
      "msg": "Загружено 5 задач. Превышен лимит — уточните запрос для выбора большего объёма.",
      "type": "warn"
    }
  ]
}
