{
  "canonHit": {
    "returned": {
      "roleKey": "devBack",
      "nkcKey": "june",
      "resourcesByAssignee": {
        "gm_user_1": {
          "resource": 40,
          "manualResource": null,
          "grade": "Senior",
          "kpe": 1,
          "participation": 1,
          "nkc": 168
        },
        "gm_user_2": {
          "resource": 16,
          "manualResource": 12,
          "grade": "Middle",
          "kpe": 0.8,
          "participation": 0.5,
          "nkc": 168
        }
      },
      "taskAssignments": {
        "GM-10": {
          "assignee": "gm_user_1"
        },
        "GM-11": {
          "assignee": "gm_user_2"
        }
      }
    },
    "shape": {
      "form": "single",
      "topKeys": [
        "nkcKey",
        "resourcesByAssignee",
        "roleKey",
        "taskAssignments"
      ],
      "taskAssignmentKeys": [
        "GM-10",
        "GM-11"
      ]
    }
  },
  "fallback": {
    "returned": null,
    "shape": {
      "value": "null"
    }
  },
  "miss": {
    "returned": "null"
  }
}
