{
  "shown": {
    "text": "Выберите проект в шапке, чтобы начать планирование.",
    "hidden": false
  },
  "withKey": {
    "text": "Нет доступа к проекту SECRET или планер к нему не подключён. Выберите доступный проект выше.",
    "hidden": false
  },
  "cleared": {
    "text": "Нет доступа к проекту SECRET или планер к нему не подключён. Выберите доступный проект выше.",
    "hidden": true
  }
}
