{
  "ytLog": [
    {
      "path": "admin/projects",
      "fields": "id,name,shortName,archived",
      "top": 5000
    }
  ],
  "apiLog": [
    {
      "post": "filter-planner-projects",
      "body": {
        "keys": [
          "DEMO",
          "DEMOClone"
        ]
      }
    }
  ],
  "result": [
    {
      "key": "DEMO",
      "name": "Демопроект",
      "id": "p-1"
    },
    {
      "key": "DEMOClone",
      "name": "Clone",
      "id": "p-3"
    }
  ]
}
