{
  "threw": true,
  "sentinel": true,
  "urlSyncReset": false,
  "banner": "Нет доступных проектов с подключённым планером. Привяжите приложение к проекту (Project Settings → Apps), в настройках приложения выберите группу управления настройками (обязательное поле), затем откройте планер в настройках проекта.",
  "loadCalled": 0
}
