{
  "analysis": {
    "resource": 40,
    "totalAlloc": 18,
    "taskCount": 3,
    "overlimit": false,
    "unestimated": 0
  },
  "testing": {
    "resource": 20,
    "totalAlloc": 26,
    "taskCount": 2,
    "overlimit": true,
    "unestimated": 0
  },
  "devBack": {
    "resource": 80,
    "totalAlloc": 55,
    "taskCount": 2,
    "overlimit": false,
    "unestimated": 0
  },
  "devFront": {
    "resource": 0,
    "totalAlloc": 4,
    "taskCount": 1,
    "overlimit": false,
    "unestimated": 0
  },
  "devIos": {
    "resource": 0,
    "totalAlloc": 0,
    "taskCount": 0,
    "overlimit": false,
    "unestimated": 0
  }
}
