{
  "toasts": [
    {
      "msg": "Обновление доступно только для активного спринта.",
      "type": "info"
    },
    {
      "msg": "Обновление доступно только для активного спринта.",
      "type": "info"
    },
    {
      "msg": "Обновление доступно только для активного спринта.",
      "type": "info"
    },
    {
      "msg": "Завершите правку ячейки перед обновлением.",
      "type": "warn"
    },
    {
      "msg": "Выберите спринт",
      "type": null
    },
    {
      "msg": "Расхождений с YouTrack нет.",
      "type": "info"
    }
  ],
  "fetchCalls": 1,
  "busyAfter": [
    false,
    false,
    false,
    false
  ]
}
