{
  "vmKeys": [
    "ages",
    "contour",
    "gen",
    "hasN1",
    "hasSystem",
    "labels",
    "loading",
    "noDoneCfg",
    "onAssist",
    "onCancel",
    "onExport",
    "onRefresh",
    "onSetPeriod",
    "onSetSprintN",
    "onSwitchReport",
    "period",
    "periodOpts",
    "projectName",
    "query",
    "report",
    "roleRows",
    "shouldAbort",
    "spillSprint",
    "sprints",
    "tails",
    "years",
    "ytBase"
  ],
  "labelKeys": [
    "a10AgeUnit",
    "a10Carried",
    "a10CarriedShort",
    "a10ColAge",
    "a10ColHours",
    "a10ColSystem",
    "a10ColType",
    "a10Dropped",
    "a10DroppedShort",
    "a10Empty",
    "a10HoursUnit",
    "a10Menu",
    "a10NoDoneCfg",
    "a10NoN1",
    "a10PickSprint",
    "a10SectAge",
    "a10SectTails",
    "a10SectUnder",
    "a10Sub",
    "a10Title",
    "a11ColAvgClosed",
    "a11ColAvgPct",
    "a11ColPlanned",
    "a11ColSprint",
    "a11ColSprints",
    "a11Empty",
    "a11Menu",
    "a11NoDoneCfg",
    "a11SectAvg",
    "a11SectTrend",
    "a11Sparse",
    "a11Sub",
    "a11Title",
    "a11WindowNote",
    "a1ChartByDay",
    "a1ChartByMonth",
    "a1Menu",
    "a1NoTargets",
    "a1PopNote",
    "a1Sub",
    "a1Title",
    "a2Menu",
    "a2NoAnchors",
    "a2NoPauses",
    "a2Sub",
    "a2Title",
    "a3ColOrg",
    "a3ColPriority",
    "a3ColStage",
    "a3ColUnit",
    "a3Empty",
    "a3EstPrefix",
    "a3Menu",
    "a3ModeDone",
    "a3ModeWip",
    "a3NoDoneCfg",
    "a3Sub",
    "a3Title",
    "a4ChartTitle",
    "a4ColDays",
    "a4ColHours",
    "a4ColPerson",
    "a4ColRole",
    "a4Empty",
    "a4HoursUnit",
    "a4Menu",
    "a4NoLogTitle",
    "a4RoleNone",
    "a4Sub",
    "a4Title",
    "a4Total",
    "a5ChartTitle",
    "a5ColEst",
    "a5ColFact",
    "a5ColVar",
    "a5Empty",
    "a5Menu",
    "a5MetricSuffix",
    "a5NormHint",
    "a5OverCount",
    "a5OverEst",
    "a5Sub",
    "a5Title",
    "a5UnderEst",
    "a6AtThreshold",
    "a6ColCapacity",
    "a6ColMonths",
    "a6ColSum",
    "a6ColTasks",
    "a6Empty",
    "a6Menu",
    "a6MonthsUnit",
    "a6NoBacklogHint",
    "a6NormMarker",
    "a6Sub",
    "a6Title",
    "a7ChartTitle",
    "a7Menu",
    "a7Sub",
    "a7Title",
    "abortedManual",
    "abortedTimeout",
    "b0AllSystems",
    "b0ColMonth",
    "b0Empty",
    "b0Menu",
    "b0MetricBacklogHours",
    "b0MetricBacklogMonths",
    "b0MetricBottleneck",
    "b0MetricPlanfact",
    "b0MetricTtm",
    "b0NoBacklogHint",
    "b0NoCfg",
    "b0NoFlowHint",
    "b0Sub",
    "b0Title",
    "b0UnitDays",
    "b0UnitHours",
    "b0UnitMonths",
    "b0Window",
    "b1AllSystems",
    "b1ChartTitle",
    "b1ColDebt",
    "b1ColPct",
    "b1ColRole",
    "b1Empty",
    "b1HoursUnit",
    "b1Menu",
    "b1NoCfg",
    "b1Sub",
    "b1Title",
    "b1TotalDebt",
    "b1TotalPct",
    "b1Unestimated",
    "b2AllSystems",
    "b2Basket",
    "b2ChartTitle",
    "b2ColBug",
    "b2ColPct",
    "b2ColRole",
    "b2Empty",
    "b2Fallback",
    "b2HoursUnit",
    "b2Menu",
    "b2NoCfg",
    "b2Sub",
    "b2Title",
    "b2TotalBug",
    "b2TotalPct",
    "b3Avg",
    "b3Menu",
    "b3NoTag",
    "b3Period",
    "b3Sub",
    "b3Title",
    "b3Unit",
    "b3Ytd",
    "bottleneckSub",
    "bottleneckTitle",
    "bucketGt120",
    "bucketLe40",
    "bucketMid",
    "bucketTitle",
    "cancelReport",
    "cancelReportHint",
    "chartTasks",
    "chartTopN",
    "colCount",
    "colDays",
    "colEnteredDate",
    "colEnteredStatus",
    "colFlag",
    "colId",
    "colLabel",
    "colStatus",
    "colSystem",
    "colTask",
    "colUnitType",
    "contourA",
    "contourB",
    "daysUnit",
    "empty",
    "error",
    "exportGenerated",
    "exportLabel",
    "exportPeriod",
    "exportProject",
    "exportSnapshot",
    "exportTotal",
    "filterLabel",
    "filterPh",
    "flagNone",
    "flagOk",
    "flagOver",
    "flagWarn",
    "flowColWip",
    "flowEmpty",
    "flowMenu",
    "flowNoFlow",
    "flowPopulation",
    "flowSub",
    "flowTitle",
    "incomplete",
    "limitHit",
    "loading",
    "metricCycle",
    "metricLead",
    "metricTeam",
    "period.calendarYear",
    "period.currentQuarter",
    "period.custom",
    "period.last30",
    "period.last7",
    "period.lastMonth",
    "period.lastQuarter",
    "period.today",
    "period.yesterday",
    "period.ytd",
    "periodLabel",
    "pickReport",
    "placeholder",
    "rangeFrom",
    "rangePrompt",
    "rangeTo",
    "refresh",
    "reworkColCount",
    "reworkColTransition",
    "reworkIssues",
    "reworkSub",
    "reworkTitle",
    "reworkTotal",
    "riskSuffix",
    "ttmNoNorm",
    "ttmNormPrefix",
    "ttmOk",
    "ttmOver",
    "ttmUnit",
    "unitEpic",
    "unitStory",
    "yearLabel"
  ],
  "fetchCalls": [],
  "primCalls": [
    {
      "ids": [],
      "name": "fetchHistory",
      "opts": {}
    }
  ],
  "vm": {
    "ages": [
      {
        "age": 1,
        "issueId": "T-3",
        "level": "ok",
        "roleKey": "analysis",
        "roleLabel": "Аналитика",
        "system": "ERP",
        "title": "Сольная стори ERP"
      }
    ],
    "contour": "a",
    "gen": 1,
    "hasN1": true,
    "hasSystem": true,
    "loading": false,
    "noDoneCfg": false,
    "onAssist": "[Function]",
    "onCancel": "[Function]",
    "onExport": "[Function]",
    "onRefresh": "[Function]",
    "onSetPeriod": "[Function]",
    "onSetSprintN": "[Function]",
    "onSwitchReport": "[Function]",
    "period": "last30",
    "periodOpts": {},
    "projectName": "DEMO",
    "query": "",
    "report": "a10",
    "roleRows": [
      {
        "carriedMinutes": 1200,
        "droppedMinutes": 0,
        "label": "Аналитика",
        "level": "over",
        "notDoneMinutes": 1200,
        "pct": 0.6666666666666666,
        "plannedMinutes": 1800,
        "roleKey": "analysis"
      }
    ],
    "shouldAbort": "[Function]",
    "spillSprint": "sprA",
    "sprints": [
      {
        "key": "sprB",
        "label": "Спринт Б"
      },
      {
        "key": "sprA",
        "label": "Спринт А"
      }
    ],
    "tails": [
      {
        "issueId": "T-3",
        "minutes": 1200,
        "roleKey": "analysis",
        "roleLabel": "Аналитика",
        "system": "ERP",
        "title": "Сольная стори ERP",
        "type": "carried"
      }
    ],
    "years": [
      2026,
      2025,
      2024,
      2023,
      2022
    ],
    "ytBase": ""
  }
}
