{
  "analysisWithSnapshot": "<div class=\"planning-role-card\" data-role-key=\"analysis\"><button class=\"planning-role-toggle\" type=\"button\" data-role-key=\"analysis\"><span class=\"planning-role-chevron\">▶</span><span class=\"planning-role-name\">Анализ</span><span class=\"planning-role-stat\">Ресурс: <span class=\"planning-role-stat__num\">30</span> ч</span><span class=\"planning-role-stat\">Аллокация: <span class=\"planning-role-stat__num\">20 / 30</span> ч</span><span class=\"planning-role-stat\"><span class=\"planning-role-stat__num\">2</span> задач</span></button><div class=\"planning-role-body\" data-role-body=\"analysis\"><div class=\"planning-role-body__actions\"><button class=\"ring-button-button ring-button-block ring-button-heightS ring-button-primaryBlock ring-button-flat ring-button-whiteText planning-role-jumpPeople\" data-role-key=\"analysis\">Распределить по исполнителям</button></div></div></div>",
  "devBackNoSnapshot": "<div class=\"planning-role-card\" data-role-key=\"devBack\"><button class=\"planning-role-toggle\" type=\"button\" data-role-key=\"devBack\"><span class=\"planning-role-chevron\">▶</span><span class=\"planning-role-name\">Разработка Back</span><span class=\"planning-role-stat\">Ресурс: <span class=\"planning-role-stat__num\">0</span> ч</span><span class=\"planning-role-stat\">Аллокация: <span class=\"planning-role-stat__num\">0 / 0</span> ч</span><span class=\"planning-role-stat\"><span class=\"planning-role-stat__num\">0</span> задач</span></button><div class=\"planning-role-body\" data-role-body=\"devBack\"><div class=\"planning-role-body__actions\"><button class=\"ring-button-button ring-button-block ring-button-heightS ring-button-primaryBlock ring-button-flat ring-button-whiteText planning-role-jumpPeople\" data-role-key=\"devBack\">Распределить по исполнителям</button></div></div></div>"
}
