{
  "analysis": "<div class=\"planning-role-card\" data-role-key=\"analysis\"><button class=\"planning-role-toggle\" type=\"button\" data-role-key=\"analysis\"><span class=\"planning-role-chevron\">▶</span><span class=\"planning-role-name\">Анализ</span><span class=\"planning-role-stat\">Ресурс: <span class=\"planning-role-stat__num\">40</span> ч</span><span class=\"planning-role-stat\">Аллокация: <span class=\"planning-role-stat__num\">18 / 40</span> ч</span><span class=\"planning-role-stat\"><span class=\"planning-role-stat__num\">3</span> задач</span></button><div class=\"planning-role-body\" data-role-body=\"analysis\"><div class=\"planning-role-body__actions\"><button class=\"ring-button-button ring-button-block ring-button-heightS ring-button-primaryBlock ring-button-flat ring-button-whiteText planning-role-jumpPeople\" data-role-key=\"analysis\">Распределить по исполнителям</button></div></div></div>",
  "testing": "<div class=\"planning-role-card\" data-role-key=\"testing\"><button class=\"planning-role-toggle\" type=\"button\" data-role-key=\"testing\"><span class=\"planning-role-chevron\">▶</span><span class=\"planning-role-name\">Тестирование</span><span class=\"planning-role-stat\">Ресурс: <span class=\"planning-role-stat__num\">20</span> ч</span><span class=\"planning-role-stat\">Аллокация: <span class=\"planning-role-stat__num\">26 / 20</span> ч</span><span class=\"planning-role-stat\"><span class=\"planning-role-stat__num\">2</span> задач</span><span class=\"planning-role-warn\">Перелимит</span></button><div class=\"planning-role-body\" data-role-body=\"testing\"><div class=\"planning-role-body__actions\"><button class=\"ring-button-button ring-button-block ring-button-heightS ring-button-primaryBlock ring-button-flat ring-button-whiteText planning-role-jumpPeople\" data-role-key=\"testing\">Распределить по исполнителям</button></div></div></div>",
  "devBack": "<div class=\"planning-role-card\" data-role-key=\"devBack\"><button class=\"planning-role-toggle\" type=\"button\" data-role-key=\"devBack\"><span class=\"planning-role-chevron\">▶</span><span class=\"planning-role-name\">Разработка Back</span><span class=\"planning-role-stat\">Ресурс: <span class=\"planning-role-stat__num\">80</span> ч</span><span class=\"planning-role-stat\">Аллокация: <span class=\"planning-role-stat__num\">55 / 80</span> ч</span><span class=\"planning-role-stat\"><span class=\"planning-role-stat__num\">2</span> задач</span></button><div class=\"planning-role-body\" data-role-body=\"devBack\"><div class=\"planning-role-body__actions\"><button class=\"ring-button-button ring-button-block ring-button-heightS ring-button-primaryBlock ring-button-flat ring-button-whiteText planning-role-jumpPeople\" data-role-key=\"devBack\">Распределить по исполнителям</button></div></div></div>",
  "devFront": "<div class=\"planning-role-card\" data-role-key=\"devFront\"><button class=\"planning-role-toggle\" type=\"button\" data-role-key=\"devFront\"><span class=\"planning-role-chevron\">▶</span><span class=\"planning-role-name\">Разработка Front</span><span class=\"planning-role-stat\">Ресурс: <span class=\"planning-role-stat__num\">0</span> ч</span><span class=\"planning-role-stat\">Аллокация: <span class=\"planning-role-stat__num\">4 / 0</span> ч</span><span class=\"planning-role-stat\"><span class=\"planning-role-stat__num\">1</span> задач</span></button><div class=\"planning-role-body\" data-role-body=\"devFront\"><div class=\"planning-role-body__actions\"><button class=\"ring-button-button ring-button-block ring-button-heightS ring-button-primaryBlock ring-button-flat ring-button-whiteText planning-role-jumpPeople\" data-role-key=\"devFront\">Распределить по исполнителям</button></div></div></div>"
}
