{
  "apiLog": [
    {
      "path": "sprint-data",
      "bodyKeys": [
        "sprint"
      ],
      "query": null
    }
  ],
  "toasts": [
    {
      "msg": "Ресурс роли сохранён",
      "type": "success"
    }
  ],
  "resourceWritten": 4620,
  "sharedFieldsUntouched": {
    "name": true,
    "dateStart": true,
    "dateEnd": true,
    "sprintGoal": true,
    "sprintFieldVal": true,
    "versionFieldVal": true
  },
  "updatedBy": "gm_user_1",
  "roleRemaining": [
    "analysis"
  ],
  "statusBadge": [
    "analysis"
  ],
  "widgetHeader": 0,
  "currentSprintIdSynced": null
}
