{
  "sortKey": "off",
  "stickyHeader": false,
  "emptyText": "Нет задач",
  "itemKeys": [
    "GM-A1",
    "GM-A2",
    "GM-A3"
  ],
  "columns": [
    {
      "id": "id",
      "title": "№ задачи",
      "sortable": false,
      "className": "td-id",
      "rightAlign": false,
      "header": null,
      "cells": [
        {
          "html": "<a href=\"https://yt.local/issue/GM-A1\" target=\"_blank\" rel=\"noopener noreferrer\" class=\"link\">GM-A1</a>"
        },
        {
          "html": "<a href=\"https://yt.local/issue/GM-A2\" target=\"_blank\" rel=\"noopener noreferrer\" class=\"link\">GM-A2</a>"
        },
        {
          "html": "<a href=\"https://yt.local/issue/GM-A3\" target=\"_blank\" rel=\"noopener noreferrer\" class=\"link\">GM-A3</a>"
        }
      ]
    },
    {
      "id": "title",
      "title": "Название",
      "sortable": false,
      "className": "td-title ssp-col-title",
      "rightAlign": false,
      "header": null,
      "cells": [
        "Синтетическая задача GM-A1",
        "Синтетическая задача GM-A2",
        "Синтетическая задача GM-A3"
      ]
    },
    {
      "id": "priority",
      "title": "Приоритет",
      "sortable": false,
      "className": "td-hist-narrow",
      "rightAlign": false,
      "header": null,
      "cells": [
        "Значительный",
        "Значительный",
        "Значительный"
      ]
    },
    {
      "id": "state",
      "title": "Состояние",
      "sortable": false,
      "className": "td-hist-narrow",
      "rightAlign": false,
      "header": null,
      "cells": [
        "Открыта",
        "Открыта",
        "Открыта"
      ]
    },
    {
      "id": "incStatus",
      "title": "Статус включения",
      "sortable": false,
      "className": "td-hist-inc",
      "rightAlign": false,
      "header": null,
      "cells": [
        "Включена планово",
        "Включена планово",
        "Включена планово"
      ]
    },
    {
      "id": "alloc",
      "title": "Аллокация",
      "sortable": false,
      "className": "td-num",
      "rightAlign": false,
      "header": null,
      "cells": [
        "8ч",
        "10ч",
        "5ч"
      ]
    },
    {
      "id": "assignee",
      "title": "Исполнитель",
      "sortable": false,
      "className": "td-title",
      "rightAlign": false,
      "header": null,
      "cells": [
        "Иван Аналитик",
        "Пётр Второй, gm_user_3",
        "—"
      ]
    },
    {
      "id": "delta",
      "title": "Ресурс<br>Анализ",
      "sortable": false,
      "className": "td-num",
      "rightAlign": false,
      "header": null,
      "cells": [
        {
          "html": "6ч 40м"
        },
        {
          "html": "10ч"
        },
        {
          "html": "5ч"
        }
      ]
    }
  ]
}
