{
  "selOptions": "<option value=\"analysis\">Анализ</option><option value=\"testing\">Тестирование</option><option value=\"devBack\">Разработка Back</option><option value=\"devFront\">Разработка Front</option>",
  "selValueAfterPopulate": "devBack",
  "bucketsDevBack": [
    {
      "id": "standupBucketDone",
      "header": "✅ Done (0)",
      "rows": []
    },
    {
      "id": "standupBucketInflight",
      "header": "🔄 В работе (1)",
      "rows": [
        {
          "issueId": "GM-10",
          "url": "",
          "title": "Бэкенд расчёта ёмкости",
          "titleTrunc": "Бэкенд расчёта ёмкости",
          "hours": "0м/20ч",
          "assignee": "gm_user_1"
        }
      ]
    },
    {
      "id": "standupBucketNotStarted",
      "header": "📋 Не начато (1)",
      "rows": [
        {
          "issueId": "GM-11",
          "url": "",
          "title": "Эндпоинт истории спринтов",
          "titleTrunc": "Эндпоинт истории спринтов",
          "hours": "0м/40ч",
          "assignee": "gm_user_2"
        }
      ]
    }
  ],
  "bucketsAfterChange": [
    {
      "id": "standupBucketDone",
      "header": "✅ Done (1)",
      "rows": [
        {
          "issueId": "GM-3",
          "url": "",
          "title": "Ревью схемы данных",
          "titleTrunc": "Ревью схемы данных",
          "hours": "0м/2ч",
          "assignee": ""
        }
      ]
    },
    {
      "id": "standupBucketInflight",
      "header": "🔄 В работе (1)",
      "rows": [
        {
          "issueId": "GM-2",
          "url": "",
          "title": "Обследование интеграции с 1С",
          "titleTrunc": "Обследование интеграции с 1С",
          "hours": "0м/15ч",
          "assignee": ""
        }
      ]
    },
    {
      "id": "standupBucketNotStarted",
      "header": "📋 Не начато (2)",
      "rows": [
        {
          "issueId": "GM-1",
          "url": "",
          "title": "Анализ требований платёжного модуля",
          "titleTrunc": "Анализ требований платёжного модуля",
          "hours": "0м/10ч",
          "assignee": ""
        },
        {
          "issueId": "GM-4",
          "url": "",
          "title": "Исключённая задача",
          "titleTrunc": "Исключённая задача",
          "hours": "0м/100ч",
          "assignee": ""
        }
      ]
    }
  ]
}
