{
  "buckets": [
    {
      "id": "standupBucketDone",
      "header": "✅ Done (0)",
      "rows": []
    },
    {
      "id": "standupBucketInflight",
      "header": "🔄 В работе (2)",
      "rows": [
        {
          "issueId": "GM-2",
          "url": "",
          "title": "Обследование интеграции с 1С",
          "titleTrunc": "Обследование интеграции с 1С",
          "hours": "0м/15ч",
          "assignee": ""
        },
        {
          "issueId": "GM-3",
          "url": "",
          "title": "Ревью схемы данных",
          "titleTrunc": "Ревью схемы данных",
          "hours": "0м/2ч",
          "assignee": ""
        }
      ]
    },
    {
      "id": "standupBucketNotStarted",
      "header": "📋 Не начато (2)",
      "rows": [
        {
          "issueId": "GM-1",
          "url": "",
          "title": "Анализ требований платёжного модуля",
          "titleTrunc": "Анализ требований платёжного модуля",
          "hours": "0м/10ч",
          "assignee": ""
        },
        {
          "issueId": "GM-4",
          "url": "",
          "title": "Исключённая задача",
          "titleTrunc": "Исключённая задача",
          "hours": "0м/100ч",
          "assignee": ""
        }
      ]
    }
  ],
  "noDoneHintVisible": true
}
