{
  "selOptions": "<option value=\"__all__\">Все роли</option><option value=\"analysis\">Анализ</option><option value=\"testing\">Тестирование</option><option value=\"devBack\">Разработка Back</option><option value=\"devFront\">Разработка Front</option>",
  "valueAfterPopulate": "__all__",
  "sectionsDevBack": [
    {
      "id": "standupState:In Progress",
      "state": "In Progress",
      "label": "In Progress",
      "count": 1,
      "chipBg": null,
      "chipFg": null,
      "roleLabels": [],
      "rows": [
        {
          "issueId": "GM-10",
          "url": "",
          "title": "Бэкенд расчёта ёмкости",
          "titleTrunc": "Бэкенд расчёта ёмкости",
          "hours": "10ч/20ч",
          "assignees": [
            "gm_user_1"
          ]
        }
      ]
    },
    {
      "id": "standupState:Open",
      "state": "Open",
      "label": "Open",
      "count": 1,
      "chipBg": null,
      "chipFg": null,
      "roleLabels": [],
      "rows": [
        {
          "issueId": "GM-11",
          "url": "",
          "title": "Эндпоинт истории спринтов",
          "titleTrunc": "Эндпоинт истории спринтов",
          "hours": "0м/40ч",
          "assignees": [
            "gm_user_2"
          ]
        }
      ]
    }
  ],
  "sectionsAnalysis": [
    {
      "id": "standupState:Fixed",
      "state": "Fixed",
      "label": "Fixed",
      "count": 1,
      "chipBg": null,
      "chipFg": null,
      "roleLabels": [],
      "rows": [
        {
          "issueId": "GM-3",
          "url": "",
          "title": "Ревью схемы данных",
          "titleTrunc": "Ревью схемы данных",
          "hours": "4ч/2ч",
          "assignees": []
        }
      ]
    },
    {
      "id": "standupState:In Progress",
      "state": "In Progress",
      "label": "In Progress",
      "count": 1,
      "chipBg": null,
      "chipFg": null,
      "roleLabels": [],
      "rows": [
        {
          "issueId": "GM-2",
          "url": "",
          "title": "Обследование интеграции с 1С",
          "titleTrunc": "Обследование интеграции с 1С",
          "hours": "5ч/15ч",
          "assignees": []
        }
      ]
    },
    {
      "id": "standupState:Open",
      "state": "Open",
      "label": "Open",
      "count": 1,
      "chipBg": null,
      "chipFg": null,
      "roleLabels": [],
      "rows": [
        {
          "issueId": "GM-1",
          "url": "",
          "title": "Анализ требований платёжного модуля",
          "titleTrunc": "Анализ требований платёжного модуля",
          "hours": "0м/10ч",
          "assignees": []
        }
      ]
    }
  ]
}
