{
  "hostPaths": [
    "backend-project/refresh-assignees",
    "backend-project/field-values?fieldName=State"
  ],
  "taskAssignments": {
    "GM-10": {
      "assignee": "gm_user_1"
    },
    "GM-11": {
      "assignee": "gm_user_2"
    }
  },
  "toasts": [
    [
      "info",
      "Расхождений с YouTrack нет."
    ]
  ]
}
