{
  "toasts": [
    {
      "msg": "Сервер: обнаружен перелимит ресурсов в роли Тестирование",
      "type": "err"
    },
    {
      "msg": "Сервер: обнаружен перелимит ресурсов в роли ghost",
      "type": "err"
    },
    {
      "msg": "Спринт (Анализ) подтверждён. Запись сохранена.",
      "type": "success"
    }
  ]
}
