{
  "guardedDrafts": [
    "orphan_x"
  ],
  "histDirtyReturned": true,
  "draftsAfter": [
    "gm-hist-2026-05_analysis"
  ],
  "flags": {
    "hist0": true,
    "hist1": false
  },
  "flushArmed": [
    300
  ],
  "api": [],
  "diag": [
    {
      "msg": "working-drafts: orphan removed: orphan_x",
      "level": "warn"
    }
  ]
}
