{
  "withDrift": "<span id=\"widgetSprintBadge\" class=\"widget-header__badge\" data-i18n-title=\"hintBadgeAggregated\"><span class=\"s-badge s-badge--confirmed\" title=\"Анализ: Состав согласован\"><span style=\"opacity:.7\">Анализ:</span> Состав согласован</span><span class=\"s-badge s-badge--finished\" title=\"Тестирование: Закрыт\"><span style=\"opacity:.7\">Тестирование:</span> Закрыт</span><span class=\"s-badge s-badge--planning\" title=\"Разработка Back: Черновик\"><span style=\"opacity:.7\">Разработка Back:</span> Черновик</span><span class=\"s-badge s-badge--planning\" title=\"Разработка Front: Черновик\"><span style=\"opacity:.7\">Разработка Front:</span> Черновик</span><span class=\"s-badge s-badge--drift\" title=\"Дрейф · Анализ: −1\">Дрейф: −1</span></span>",
  "noDrift": "<span id=\"widgetSprintBadge\" class=\"widget-header__badge\" data-i18n-title=\"hintBadgeAggregated\"><span class=\"s-badge s-badge--confirmed\" title=\"Анализ: Состав согласован\"><span style=\"opacity:.7\">Анализ:</span> Состав согласован</span><span class=\"s-badge s-badge--finished\" title=\"Тестирование: Закрыт\"><span style=\"opacity:.7\">Тестирование:</span> Закрыт</span><span class=\"s-badge s-badge--planning\" title=\"Разработка Back: Черновик\"><span style=\"opacity:.7\">Разработка Back:</span> Черновик</span><span class=\"s-badge s-badge--planning\" title=\"Разработка Front: Черновик\"><span style=\"opacity:.7\">Разработка Front:</span> Черновик</span></span>"
}
