{
  "inserted": {
    "sprintId": "gm-sprint-2026-06_devFront",
    "roleKey": "devFront",
    "roleLabel": "Разработка Front",
    "dateStart": 1779408000000,
    "dateEnd": 1781568000000,
    "name": "GM Sprint June 2026",
    "status": "PLANNING",
    "confirmedAt": 1780315200000,
    "confirmedBy": "GM Editor",
    "isOverLimit": true,
    "settings": {
      "activeRoles": [
        "analysis",
        "testing",
        "devBack",
        "devFront"
      ],
      "defaultLang": "ru",
      "sprintField": "Sprints",
      "versionField": "Fix versions",
      "fieldState": "State",
      "fieldPriority": "Priority",
      "settingsManagerGroup": "sprint-managers",
      "validatorsGroup": "sprint-validators",
      "editorsGroup": "sprint-editors"
    },
    "sprintFieldVal": "GM Sprint June 2026",
    "versionFieldVal": "v2026.06",
    "resourceDevFront": 0,
    "remainDevFront": -240,
    "items": [
      {
        "issueId": "GM-20",
        "title": "Фронт без ресурса роли",
        "priority": "Normal",
        "state": "Open",
        "inclusionStatus": "INC_PLANNED",
        "estimate_devFront": 300,
        "fact_devFront": 0,
        "alloc_devFront": 240
      }
    ],
    "personalPlanning": null,
    "sprintGoal": "Golden-master характеризация монолита"
  },
  "preserved": {
    "status": "ALLOCATED",
    "histLen": 3
  },
  "validated": "CONFIRMED",
  "committed": {
    "draftRemoved": true,
    "activeKeyCleared": true,
    "revisions": [],
    "status": "CONFIRMED"
  },
  "conflict": {
    "modalKeys": [
      "gm-sprint-2026-06_devFront"
    ],
    "exportCalls": [
      {
        "base": "gm-sprint-2026-06_devFront",
        "snap": "gm-sprint-2026-06_devFront"
      }
    ],
    "flow": {
      "draftKept": true,
      "exportKeepsDraft": true,
      "overwriteCommits": true
    }
  },
  "toasts": [
    {
      "msg": "Снимок обновлён · Изменений нет · статус: Состав согласован",
      "type": "info"
    },
    {
      "msg": "Снимок обновлён · Изменён состав или оценки — нужна повторная валидация до «Состав согласован» · статус: Черновик",
      "type": "warn"
    }
  ]
}
