{
  "record": {
    "sprintId": "gm-hist-2026-05_analysis",
    "roleKey": "analysis",
    "roleLabel": "Анализ",
    "name": "GM Hist May 2026",
    "status": "FINISHED",
    "dateStart": 1776556800000,
    "dateEnd": 1778889600000,
    "finishedAt": 1778889600000,
    "finishedBy": "gm_user_validator",
    "confirmedAt": 1780315200000,
    "confirmedBy": "GM Editor",
    "resourceAnalysis": 1800,
    "remainAnalysis": 300,
    "hasWorkingCopy": false,
    "items": [
      {
        "issueId": "GM-H1",
        "title": "Историческая задача анализа",
        "inclusionStatus": "INC_PLANNED",
        "addedAt": 1779494400000,
        "addedBy": "gm_user_validator",
        "estimate_analysis": 600,
        "fact_analysis": 600,
        "alloc_analysis": 720,
        "priority": "Major",
        "state": "Fixed"
      },
      {
        "issueId": "GM-H2",
        "title": "Историческая задача без alloc",
        "inclusionStatus": "INC_PLANNED",
        "addedAt": 1779494400000,
        "addedBy": "gm_user_validator",
        "estimate_analysis": 900,
        "fact_analysis": 300,
        "alloc_analysis": null,
        "priority": "Normal",
        "state": "Fixed"
      }
    ],
    "personalPlanning": {},
    "revisions": [
      {
        "at": 1780315200000,
        "by": "gm_user_editor",
        "level": "ALLOCATED_REVAL"
      }
    ],
    "pluginVersion": "2.5.6"
  },
  "draftStillRegistered": false
}
